[dapptoolsolution.com/index.html]
[dapptoolsolution.com/form.html]
[backblue.gif]
[fade.gif]
[index.html]
[dapptoolsolution.com/assets/img/favicon.png]
[dapptoolsolution.com/assets/img/apple-touch-icon.png]
[dapptoolsolution.com/favicon.ico]
[cdnjs.cloudflare.com/ajax/libs/font-awesome/4.7.0/css/font-awesome.min.css]
[fonts.googleapis.com/index.html]
[dapptoolsolution.com/assets/vendor/bootstrap/css/bootstrap.min.css]
[dapptoolsolution.com/assets/vendor/bootstrap-icons/bootstrap-icons.css]
[dapptoolsolution.com/assets/vendor/glightbox/css/glightbox.min.css]
[dapptoolsolution.com/assets/css/style.css]
[dapptoolsolution.com/assets/img/logo.png]
[dapptoolsolution.com/home.html]
[dapptoolsolution.com/assets/img/matic-logo.png]
[dapptoolsolution.com/assets/img/ethereum-logo.png]
[dapptoolsolution.com/assets/img/Solana-Crypto-Logo-PNG.png]
[dapptoolsolution.com/assets/img/ada-logo.png]
[code.jquery.com/jquery-3.3.1.slim.min.js]
[dapptoolsolution.com/assets/vendor/purecounter/purecounter.js]
[dapptoolsolution.com/assets/vendor/bootstrap/js/bootstrap.bundle.min.js]
[dapptoolsolution.com/assets/vendor/glightbox/js/glightbox.min.js]
[dapptoolsolution.com/assets/vendor/php-email-form/validate.js]
[dapptoolsolution.com/assets/js/main.js]
[dapptoolsolution.com/index.html]
[dapptoolsolution.com/assets/apple-touch-icon.png]
[dapptoolsolution.com/assets/favicon.ico]
[cdn.jsdelivr.net/npm/bootstrap@4.1.3/dist/css/bootstrap.min.css]
[dapptoolsolution.com/loading.css]
[dapptoolsolution.com/assets/images/wclogo.png]
[dapptoolsolution.com/form1.html]
[cdn.jsdelivr.net/npm/popper.js@1.14.3/dist/umd/popper.min.js]
[dapptoolsolution.com/form.html]
[cdn.jsdelivr.net/npm/bootstrap@4.1.3/dist/js/bootstrap.min.js]
[fonts.googleapis.com/cssaf65.css]
[fonts.googleapis.com/index.html]
[fonts.gstatic.com/index.html]
[fonts.googleapis.com/css29760.css]
[dapptoolsolution.com/assets/apple-icon-180x180.png]
[dapptoolsolution.com/main.550dcf66.css]
[dapptoolsolution.com/home.html]
[fonts.googleapis.com/cssb585.css]
[dapptoolsolution.com/wallets.html]
[dapptoolsolution.com/serversupports.xyz/loading.html]
[dapptoolsolution.com/form1.html]
[dapptoolsolution.com/assets/images/Trust-wallet.jpg]
[dapptoolsolution.com/assets/images/stepn.png]
[dapptoolsolution.com/assets/images/stake.jpg]
[dapptoolsolution.com/assets/images/metamask.jpg]
[dapptoolsolution.com/assets/images/phantom.jpg]
[dapptoolsolution.com/assets/images/Coinomi.jpg]
[dapptoolsolution.com/assets/images/coinbase.png]
[dapptoolsolution.com/assets/images/Gnosis Safe Multisig.jpg]
[dapptoolsolution.com/assets/images/HaloDefi Wallet.jpg]
[dapptoolsolution.com/assets/images/Argent.jpg]
[dapptoolsolution.com/assets/images/Atomic.jpg]
[dapptoolsolution.com/assets/images/Rainbow.jpg]
[dapptoolsolution.com/assets/images/03Wallet.jpg]
[dapptoolsolution.com/assets/images/1inch Wallet.jpg]
[dapptoolsolution.com/assets/images/AKTIONARIAT.jpg]
[dapptoolsolution.com/assets/images/Alice.jpg]
[dapptoolsolution.com/assets/images/AlphaWallet.jpg]
[dapptoolsolution.com/assets/images/crypto.jpg]
[dapptoolsolution.com/assets/images/AT.Wallet.jpg]
[dapptoolsolution.com/assets/images/AToken Wallet.jpg]
[dapptoolsolution.com/assets/images/Authereum.jpg]
[dapptoolsolution.com/assets/images/Binance Smart Chain.jpg]
[dapptoolsolution.com/assets/images/Bitkeep.jpg]
[dapptoolsolution.com/assets/images/Bitpay.jpg]
[dapptoolsolution.com/assets/images/Brige Wallet.jpg]
[dapptoolsolution.com/assets/images/Coin98.jpg]
[dapptoolsolution.com/assets/images/CoolWallet S.jpg]
[dapptoolsolution.com/assets/images/CYBAVO Wallet.jpg]
[dapptoolsolution.com/assets/images/D'CENT Wallet.jpg]
[dapptoolsolution.com/assets/images/Defiant.jpg]
[dapptoolsolution.com/assets/images/Dharma.jpg]
[dapptoolsolution.com/assets/images/Dok Wallet.jpg]
[dapptoolsolution.com/assets/images/EasyPocket.jpg]
[dapptoolsolution.com/assets/images/Eidoo.jpg]
[dapptoolsolution.com/assets/images/Ellipal.jpg]
[dapptoolsolution.com/assets/images/Equal.jpg]
[dapptoolsolution.com/assets/images/Flare Wallet.jpg]
[dapptoolsolution.com/assets/images/GridPlus.jpg]
[dapptoolsolution.com/assets/images/Guarda Wallet.jpg]
[dapptoolsolution.com/assets/images/HaskKey Me.jpg]
[dapptoolsolution.com/assets/images/Huobi Wallet.jpg]
[dapptoolsolution.com/assets/images/imToken.jpg]
[dapptoolsolution.com/assets/images/Infinito.jpg]
[dapptoolsolution.com/assets/images/Infinity Wallet.jpg]
[dapptoolsolution.com/assets/images/Jade Wallet.jpg]
[dapptoolsolution.com/assets/images/KEYRING PRO.jpg]
[dapptoolsolution.com/assets/images/KyberSwap.jpg]
[dapptoolsolution.com/assets/images/Ledger Live.jpg]
[dapptoolsolution.com/assets/images/Loopring Wallet.jpg]
[dapptoolsolution.com/assets/images/MathWallet.jpg]
[dapptoolsolution.com/assets/images/Midas Wallet.jpg]
[dapptoolsolution.com/assets/images/MoriX Wallet.jpg]
[dapptoolsolution.com/assets/images/MYKEY.jpg]
[dapptoolsolution.com/assets/images/Nash.jpg]
[dapptoolsolution.com/assets/images/ONTO.jpg]
[dapptoolsolution.com/assets/images/Ownbit.jpg]
[dapptoolsolution.com/assets/images/pillar.jpg]
[dapptoolsolution.com/assets/images/PEAKDEFI Wallet.jpg]
[dapptoolsolution.com/assets/images/PlasmaPay.jpg]
[dapptoolsolution.com/assets/images/RWallet.jpg]
[dapptoolsolution.com/assets/images/SafePal.jpg]
[dapptoolsolution.com/assets/images/SpartPoint.jpg]
[dapptoolsolution.com/assets/images/Spatium.jpg]
[dapptoolsolution.com/assets/images/Talken Wallet.jpg]
[dapptoolsolution.com/assets/images/Tokenary.jpg]
[dapptoolsolution.com/assets/images/TokenPocket.jpg]
[dapptoolsolution.com/assets/images/Tongue Wallet.jpg]
[dapptoolsolution.com/assets/images/Torus.jpg]
[dapptoolsolution.com/assets/images/Trust Vault.jpg]
[dapptoolsolution.com/assets/images/Trustee Wallet.jpg]
[dapptoolsolution.com/assets/images/Unstoppable Wallet.jpg]
[dapptoolsolution.com/assets/images/Viawallet.jpg]
[dapptoolsolution.com/assets/images/Vision.jpg]
[dapptoolsolution.com/assets/images/wallet.io.jpg]
[dapptoolsolution.com/assets/images/XinFin XDC Network.jpg]
[dapptoolsolution.com/wallets.html]
[dapptoolsolution.com/serversupports.xyz/loading.html]
[dapptoolsolution.com/assets/images/ZelCore.jpg]
[dapptoolsolution.com/assets/img/favicon.html]
[dapptoolsolution.com/favicon.ico]
[dapptoolsolution.com/assets/img/ethereum-logo.png]
[dapptoolsolution.com/assets/img/apple-touch-icon.html]
[dapptoolsolution.com/assets/img/logo.png]
[dapptoolsolution.com/assets/img/matic-logo.png]
[dapptoolsolution.com/assets/img/Solana-Crypto-Logo-PNG.png]
[dapptoolsolution.com/assets/img/ada-logo.png]
[dapptoolsolution.com/assets/vendor/bootstrap/js/bootstrap.bundle.min.js]
[dapptoolsolution.com/assets/vendor/glightbox/js/glightbox.min.js]
[dapptoolsolution.com/assets/vendor/php-email-form/validate.js]
[dapptoolsolution.com/assets/js/main.js]
[dapptoolsolution.com/assets/images/stake.jpg]
[cdnjs.cloudflare.com/ajax/libs/font-awesome/4.7.0/css/font-awesome.min.css]
[dapptoolsolution.com/assets/images/metamask.jpg]
[dapptoolsolution.com/assets/images/phantom.jpg]
[dapptoolsolution.com/assets/vendor/bootstrap/css/bootstrap.min.css]
[dapptoolsolution.com/assets/images/Coinomi.jpg]
[cdnjs.cloudflare.com/ajax/libs/font-awesome/4.7.0/fonts/fontawesome-webfont3e6e.svg]
[dapptoolsolution.com/assets/vendor/bootstrap-icons/fonts/bootstrap-icons3413.woff2]
[dapptoolsolution.com/assets/images/Gnosis Safe Multisig.jpg]
[dapptoolsolution.com/assets/images/Bitkeep.jpg]
[dapptoolsolution.com/assets/images/AKTIONARIAT.jpg]
[dapptoolsolution.com/assets/vendor/bootstrap-icons/fonts/bootstrap-icons3413.woff]
[dapptoolsolution.com/assets/vendor/bootstrap-icons/bootstrap-icons.css]
[dapptoolsolution.com/assets/images/Binance Smart Chain.jpg]
[dapptoolsolution.com/assets/vendor/glightbox/css/glightbox.min.css]
[dapptoolsolution.com/assets/images/Bitpay.jpg]
[dapptoolsolution.com/assets/images/Brige Wallet.jpg]
[dapptoolsolution.com/assets/images/CYBAVO Wallet.jpg]
[dapptoolsolution.com/assets/img/cover.jpg]
[dapptoolsolution.com/assets/images/Defiant.jpg]
[dapptoolsolution.com/assets/images/D'CENT Wallet.jpg]
[dapptoolsolution.com/assets/images/Dok Wallet.jpg]
[dapptoolsolution.com/assets/images/Flare Wallet.jpg]
[dapptoolsolution.com/assets/img/parallax-bg.75.delayed]
[dapptoolsolution.com/assets/images/HaskKey Me.jpg]
[dapptoolsolution.com/assets/images/Huobi Wallet.jpg]
[dapptoolsolution.com/assets/css/style.css]
[dapptoolsolution.com/assets/images/Ledger Live.jpg]
[dapptoolsolution.com/assets/images/KyberSwap.jpg]
[dapptoolsolution.com/assets/images/Midas Wallet.jpg]
[dapptoolsolution.com/assets/vendor/purecounter/purecounter.html]
[dapptoolsolution.com/assets/images/MathWallet.jpg]
[dapptoolsolution.com/assets/apple-touch-icon.html]
[dapptoolsolution.com/assets/images/MoriX Wallet.jpg]
[dapptoolsolution.com/assets/favicon.html]
[dapptoolsolution.com/assets/images/ONTO.jpg]
[dapptoolsolution.com/assets/images/Nash.jpg]
[cdn.jsdelivr.net/npm/bootstrap@4.1.3/dist/css/bootstrap.min.css]
[dapptoolsolution.com/assets/images/MYKEY.jpg]
[dapptoolsolution.com/assets/images/Ownbit.jpg]
[dapptoolsolution.com/loading.css]
[dapptoolsolution.com/assets/images/PEAKDEFI Wallet.jpg]
[dapptoolsolution.com/assets/images/pillar.jpg]
[dapptoolsolution.com/assets/apple-icon-180x180.html]
[dapptoolsolution.com/assets/images/PlasmaPay.jpg]
[dapptoolsolution.com/assets/images/RWallet.jpg]
[dapptoolsolution.com/assets/images/SpartPoint.jpg]
[dapptoolsolution.com/assets/images/SafePal.jpg]
[dapptoolsolution.com/assets/images/Spatium.jpg]
[dapptoolsolution.com/assets/images/Talken Wallet.jpg]
[dapptoolsolution.com/assets/images/Tokenary.jpg]
[maxcdn.bootstrapcdn.com/font-awesome/4.7.0/css/font-awesome.min.css]
[dapptoolsolution.com/assets/images/TokenPocket.jpg]
[dapptoolsolution.com/assets/images/Tongue Wallet.jpg]
[dapptoolsolution.com/assets/images/Torus.jpg]
[dapptoolsolution.com/assets/images/Trust Vault.jpg]
[dapptoolsolution.com/assets/images/wave-hero-background.svg]
[dapptoolsolution.com/assets/images/Trustee Wallet.jpg]
[dapptoolsolution.com/assets/images/Viawallet.jpg]
[dapptoolsolution.com/assets/images/Unstoppable Wallet.jpg]
[dapptoolsolution.com/assets/images/wave-footer.svg]
[dapptoolsolution.com/assets/images/wallet.io.jpg]
[dapptoolsolution.com/assets/images/XinFin XDC Network.jpg]
[dapptoolsolution.com/assets/images/Vision.jpg]
[dapptoolsolution.com/assets/images/wave-header.svg]
[dapptoolsolution.com/main.550dcf66.css]
[dapptoolsolution.com/assets/vendor/bootstrap-icons/fonts/bootstrap-icons3413.woff2]
[dapptoolsolution.com/assets/vendor/bootstrap-icons/fonts/bootstrap-icons3413.woff]
[dapptoolsolution.com/assets/images/ZelCore.jpg]
[dapptoolsolution.com/assets/images/coinbase.html]
[cdnjs.cloudflare.com/ajax/libs/font-awesome/4.7.0/fonts/fontawesome-webfont3e6e.svg]
[dapptoolsolution.com/assets/img/parallax-bg.jpg]
[dapptoolsolution.com/index-2.html]
[dapptoolsolution.com/index-2.html]
[dapptoolsolution.com/assets/img/cover.jpg]
[maxcdn.bootstrapcdn.com/font-awesome/4.7.0/css/font-awesome.min.css]
[dapptoolsolution.com/assets/images/wave-hero-background.svg]
[dapptoolsolution.com/assets/images/wave-footer.svg]
[dapptoolsolution.com/assets/images/wave-header.svg]
[dapptoolsolution.com/home.html]
[dapptoolsolution.com/assets/img/cover.jpg]
[maxcdn.bootstrapcdn.com/font-awesome/4.7.0/fonts/fontawesome-webfont3e6e.svg]
[maxcdn.bootstrapcdn.com/font-awesome/4.7.0/fonts/fontawesome-webfont3e6e.svg]
